[homestore.nicepage.io/index.html]
[backblue.gif]
[fade.gif]
[index.html]
[homestore.nicepage.io/index.html]
[capp.nicepage.com/348ef0a8bd0bf20755c451ebd7f987200c1d9a66/nicepage.css]
[capp.nicepage.com/assets/jquery-3.5.1.min.js]
[homestore.nicepage.io/nicepage-site.css]
[homestore.nicepage.io/favicon.jpg]
[homestore.nicepage.io/Sobre.html]
[homestore.nicepage.io/index.css]
[homestore.nicepage.io/Unidades.html]
[homestore.nicepage.io/Contato.html]
[assets.nicepagecdn.com/e86bbb8a/6438020/images/ImagemdoWhatsAppde2025-01-23s22.54.38_38e2ee8a.jpg]
[assets.nicepagecdn.com/e86bbb8a/6438020/images/Semttulo.png]
[homestore.nicepage.io/Content/BundledScripts/index.html]
[homestore.nicepage.io/signature.png]
[homestore.nicepage.io/products/products.html]
[homestore.nicepage.io/blog/blog.html]
[homestore.nicepage.io/search/search.html]
[capp.nicepage.com/348ef0a8bd0bf20755c451ebd7f987200c1d9a66/nicepage.js]
[homestore.nicepage.io/Sobre.html]
[homestore.nicepage.io/ABCDEFGHIJKLMNOPQRSTUVWXYZabcdefghijklmnopqrstuvwxyz0123456789+/index.html]
[homestore.nicepage.io/Unidades.html]
[homestore.nicepage.io/Unidades.css]
[assets.nicepagecdn.com/e86bbb8a/6438020/images/CapturadeTela2025-02-03as01.05.06.png]
[assets.nicepagecdn.com/e86bbb8a/6438020/images/home.jpg]
[assets.nicepagecdn.com/e86bbb8a/6438020/images/WhatsAppImage2025-02-19at18.39.06.jpg]
[homestore.nicepage.io/Contato.html]
[homestore.nicepage.io/Content/BundledScripts/index.html]
[homestore.nicepage.io/signature.html]
[homestore.nicepage.io/products/products.html]
[www.google.com/recaptcha/api2fdf.js]
[homestore.nicepage.io/blog/blog.html]
[homestore.nicepage.io/search/search.html]
[homestore.nicepage.io/ABCDEFGHIJKLMNOPQRSTUVWXYZabcdefghijklmnopqrstuvwxyz0123456789+/index.html]
[homestore.nicepage.io/Sobre.css]
[homestore.nicepage.io/Unidades.css]
[assets.nicepagecdn.com/e86bbb8a/6438020/images/WhatsAppImage2025-02-18at18.37.38.jpg]
[assets.nicepagecdn.com/e86bbb8a/6438020/images/WhatsAppImage2025-02-17at16.33.10.jpg]
[assets.nicepagecdn.com/e86bbb8a/6438020/images/WhatsAppImage2025-02-17at15.42.45.jpg]
[homestore.nicepage.io/Contato.css]
